Line			Lexeme			Token Class
1		#include <stdio.h> 		Pre Processor directive

2
3			void 			KEYWORD
			main 			KEYWORD
			( 			OPENING BRACKETS
			) 			CLOSING BRACKETS

4			{ 			OPENING BRACES

5			int 			KEYWORD
			i 			IDENTIFIER
			; 			SEMICOLON DELIMITER

6
7			for 			KEYWORD
			( 			OPENING BRACKETS
			i 			IDENTIFIER
			= 			OPERATOR
			10 			NUMBER CONSTANT
			; 			SEMICOLON DELIMITER
			i 			IDENTIFIER
			<= 			OPERATOR
			20 			NUMBER CONSTANT
			; 			SEMICOLON DELIMITER
			i 			IDENTIFIER
			++ 			OPERATOR
			) 			CLOSING BRACKETS

8			{ 			OPENING BRACES

9			printf 			IDENTIFIER
			( 			OPENING BRACKETS
			"Hello" 			STRING CONSTANT
			) 			CLOSING BRACKETS
			; 			SEMICOLON DELIMITER

10			printf 			IDENTIFIER
			( 			OPENING BRACKETS
			"%s " 			STRING CONSTANT
			, 			COMMA DELIMITER
XXXXXXXXXXXXXXXXXXXXXXXXXXXXXXXXXXXXXXXXXXXXXXXXXXXXXXXXX
ERROR: INCOMPLETE_STRING at line no. 10
	"
	^^
XXXXXXXXXXXXXXXXXXXXXXXXXXXXXXXXXXXXXXXXXXXXXXXXXXXXXXXXX


SYMBOL TABLE

	i		IDENTIFIER
	for		KEYWORD
	int		KEYWORD
	main		KEYWORD
	printf		IDENTIFIER
	void		KEYWORD


CONSTANT TABLE

	"Hello"		STRING CONSTANT
	10		NUMBER CONSTANT
	20		NUMBER CONSTANT
	"%s "		STRING CONSTANT
